> Task :app:preBuild UP-TO-DATE
> Task :app:preDebugBuild UP-TO-DATE
> Task :app:mergeDebugNativeDebugMetadata NO-SOURCE
> Task :app:generateDebugResources UP-TO-DATE
> Task :app:processDebugGoogleServices UP-TO-DATE
> Task :app:packageDebugResources UP-TO-DATE
> Task :app:processDebugNavigationResources UP-TO-DATE
> Task :app:parseDebugLocalResources UP-TO-DATE
> Task :app:generateDebugRFile UP-TO-DATE
> Task :app:javaPreCompileDebug UP-TO-DATE
> Task :app:generateDebugAssets UP-TO-DATE
> Task :app:mergeDebugAssets UP-TO-DATE
> Task :app:compressDebugAssets UP-TO-DATE
> Task :app:l8DexDesugarLibDebug UP-TO-DATE
> Task :app:checkDebugDuplicateClasses UP-TO-DATE
> Task :app:desugarDebugFileDependencies UP-TO-DATE
> Task :app:mergeExtDexDebug UP-TO-DATE
> Task :app:mergeLibDexDebug UP-TO-DATE
> Task :app:checkDebugAarMetadata UP-TO-DATE
> Task :app:mapDebugSourceSetPaths UP-TO-DATE
> Task :app:compileDebugNavigationResources UP-TO-DATE
> Task :app:mergeDebugResources UP-TO-DATE
> Task :app:createDebugCompatibleScreenManifests UP-TO-DATE
> Task :app:extractDeepLinksDebug UP-TO-DATE

> Task :app:processDebugMainManifest
C:\Users\jonny\AndroidStudioProjects\VitalSense\app\src\main\AndroidManifest.xml:6:5-67 Warning:
	Element uses-permission#android.permission.INTERNET at AndroidManifest.xml:6:5-67 duplicated with element declared at AndroidManifest.xml:5:5-67

> Task :app:processDebugManifest
> Task :app:mergeDebugJniLibFolders UP-TO-DATE
> Task :app:mergeDebugNativeLibs UP-TO-DATE
> Task :app:stripDebugDebugSymbols UP-TO-DATE
> Task :app:validateSigningDebug UP-TO-DATE
> Task :app:writeDebugAppMetadata UP-TO-DATE
> Task :app:writeDebugSigningConfigVersions UP-TO-DATE
> Task :wear:preBuild UP-TO-DATE
> Task :wear:preDebugBuild UP-TO-DATE
> Task :wear:mergeDebugNativeDebugMetadata NO-SOURCE
> Task :wear:generateDebugResources UP-TO-DATE
> Task :wear:processDebugGoogleServices UP-TO-DATE
> Task :wear:packageDebugResources UP-TO-DATE
> Task :wear:processDebugNavigationResources UP-TO-DATE
> Task :wear:parseDebugLocalResources UP-TO-DATE
> Task :wear:generateDebugRFile UP-TO-DATE
> Task :app:processDebugManifestForPackage

> Task :app:compileDebugKotlin FAILED
.\gradlew : e: file:///
C:/Users/jonny/AndroidS
tudioProjects/VitalSens
e/app/src/main/java/mx/
ita/vitalsense/ui/dashb
oard/DashboardScreen.kt
:594:60 Argument type 
mismatch: actual type 
is 'ManagedActivityResu
ltLauncher<Array<String
>, Map<String, @JvmSupp
ressWildcards() 
Boolean>>', but 'Activi
tyResultLauncher<Set<St
ring>>' was expected.
En línea: 1 Carácter: 1
+ .\gradlew 
assembleDebug *> 
build_output.txt
+ ~~~~~~~~~~~~~~~~~~~~~
~~~~~~~~~~~~~~~~~~~~~~
    + CategoryInfo     
         : NotSpecifi  
  ed: (e: file:///C:   
 /U...' was expecte    
d.:String) [], Rem    
oteException
    + FullyQualifiedEr 
   rorId : NativeComm  
  andError
 

> Task :app:processDebugResources

FAILURE: Build failed 
with an exception.

* What went wrong:
Execution failed for 
task ':app:compileDebug
Kotlin'.
> A failure occurred 
while executing org.jet
brains.kotlin.compilerR
unner.GradleCompilerRun
nerWithWorkers$GradleKo
tlinCompilerWorkAction
   > Compilation 
error. See log for 
more details

* Try:
> Run with 
--stacktrace option to 
get the stack trace.
> Run with --info or 
--debug option to get 
more log output.
> Run with --scan to 
get full insights from 
a Build Scan (powered 
by Develocity).
> Get more help at http
s://help.gradle.org.

BUILD FAILED in 5s
37 actionable tasks: 5 executed, 32 up-to-date
